// Jest Snapshot v1, https://goo.gl/fbAQLP

exports[`VBtn Created Renders correctly 1`] = `<button type="button" class="vts-action"></button>`;
